// Jest Snapshot v1, https://goo.gl/fbAQLP

exports[`App render app 1`] = `
Object {
  "asFragment": [Function],
  "baseElement": <body>
    <div>
      <div>
        <div
          class="container-login"
        >
          <form
            class="login-box"
          >
            <h3
              class="login-header"
            >
              Login
            </h3>
            <div
              class="input-box"
            >
              <input
                autocomplete="username"
                class="input-field"
                data-testid="username"
                placeholder="Username"
                type="text"
                value="sarahedo"
              />
            </div>
            <div
              class="input-box"
            >
              <input
                autocomplete="current-password"
                class="input-field"
                data-testid="password"
                placeholder="Password"
                type="password"
                value="123"
              />
            </div>
            <button
              class="btn"
              data-testid="submit"
            >
              Submit
            </button>
          </form>
        </div>
      </div>
    </div>
  </body>,
  "container": <div>
    <div>
      <div
        class="container-login"
      >
        <form
          class="login-box"
        >
          <h3
            class="login-header"
          >
            Login
          </h3>
          <div
            class="input-box"
          >
            <input
              autocomplete="username"
              class="input-field"
              data-testid="username"
              placeholder="Username"
              type="text"
              value="sarahedo"
            />
          </div>
          <div
            class="input-box"
          >
            <input
              autocomplete="current-password"
              class="input-field"
              data-testid="password"
              placeholder="Password"
              type="password"
              value="123"
            />
          </div>
          <button
            class="btn"
            data-testid="submit"
          >
            Submit
          </button>
        </form>
      </div>
    </div>
  </div>,
  "debug": [Function],
  "findAllByAltText": [Function],
  "findAllByDisplayValue": [Function],
  "findAllByLabelText": [Function],
  "findAllByPlaceholderText": [Function],
  "findAllByRole": [Function],
  "findAllByTestId": [Function],
  "findAllByText": [Function],
  "findAllByTitle": [Function],
  "findByAltText": [Function],
  "findByDisplayValue": [Function],
  "findByLabelText": [Function],
  "findByPlaceholderText": [Function],
  "findByRole": [Function],
  "findByTestId": [Function],
  "findByText": [Function],
  "findByTitle": [Function],
  "getAllByAltText": [Function],
  "getAllByDisplayValue": [Function],
  "getAllByLabelText": [Function],
  "getAllByPlaceholderText": [Function],
  "getAllByRole": [Function],
  "getAllByTestId": [Function],
  "getAllByText": [Function],
  "getAllByTitle": [Function],
  "getByAltText": [Function],
  "getByDisplayValue": [Function],
  "getByLabelText": [Function],
  "getByPlaceholderText": [Function],
  "getByRole": [Function],
  "getByTestId": [Function],
  "getByText": [Function],
  "getByTitle": [Function],
  "queryAllByAltText": [Function],
  "queryAllByDisplayValue": [Function],
  "queryAllByLabelText": [Function],
  "queryAllByPlaceholderText": [Function],
  "queryAllByRole": [Function],
  "queryAllByTestId": [Function],
  "queryAllByText": [Function],
  "queryAllByTitle": [Function],
  "queryByAltText": [Function],
  "queryByDisplayValue": [Function],
  "queryByLabelText": [Function],
  "queryByPlaceholderText": [Function],
  "queryByRole": [Function],
  "queryByTestId": [Function],
  "queryByText": [Function],
  "queryByTitle": [Function],
  "rerender": [Function],
  "unmount": [Function],
}
`;
